[    0.000000] Booting Linux on physical CPU 0x0
[    0.000000] Initializing cgroup subsys cpu
[    0.000000] Linux version 3.10.73+ (ubuntu@ip-96-113-103-35) (gcc version 7.4.1 20181213 (Linaro GCC 7.4-2019.02) ) #1 PREEMPT Wed Jan 7 07:20:22 UTC 2026
[    0.000000] CPU: ARMv7 Processor [414fc091] revision 1 (ARMv7), cr=10c53c7d
[    0.000000] CPU: PIPT / VIPT nonaliasing data cache, VIPT aliasing instruction cache
[    0.000000] Machine: Ambarella S2L (Flattened Device Tree), model: Ambarella S2LM Kiwi Board
[    0.000000] Memory policy: ECC disabled, Data cache writeback
[    0.000000] Ambarella:      AHB = 0xe0000000[0xe0000000],0x01000000 0
[    0.000000] Ambarella:      APB = 0xe8000000[0xe8000000],0x01000000 0
[    0.000000] Ambarella:      PPM = 0x00000000[0xdfe00000],0x00200000 9
[    0.000000] Ambarella:      AXI = 0xf0000000[0xf0000000],0x00030000 0
[    0.000000] Ambarella:    DRAMC = 0xdffe0000[0xef000000],0x00020000 0
[    0.000000] Ambarella:   DBGBUS = 0xec000000[0xec000000],0x00200000 0
[    0.000000] Ambarella:  DBGFMEM = 0xee000000[0xee000000],0x01000000 0
[    0.000000] Ambarella:   IAVMEM = 0x09c00000[          ],0x06400000
[    0.000000] Ambarella:    FBMEM = 0x09c00000[          ],0x00000000
[    0.000000] On node 0 totalpages: 39424
[    0.000000] free_area_init_node: node 0, pgdat 80545f00, node_mem_map 80575000
[    0.000000]   Normal zone: 308 pages used for memmap
[    0.000000]   Normal zone: 0 pages reserved
[    0.000000]   Normal zone: 39424 pages, LIFO batch:7
[    0.000000] CPU: All CPU(s) started in SVC mode.
[    0.000000] pcpu-alloc: s0 r0 d32768 u32768 alloc=1*32768
[    0.000000] pcpu-alloc: [0] 0 
[    0.000000] Built 1 zonelists in Zone order, mobility grouping on.  Total pages: 39116
[    0.000000] Kernel command line: console=ttyS0 root=/dev/mtdblock5 ro rootfstype=squashfs init=/linuxrc bootimageid=2
[    0.000000] PID hash table entries: 1024 (order: 0, 4096 bytes)
[    0.000000] Dentry cache hash table entries: 32768 (order: 5, 131072 bytes)
[    0.000000] Inode-cache hash table entries: 16384 (order: 4, 65536 bytes)
[    0.000000] Memory: 154MB = 154MB total
[    0.000000] Memory: 150592k/150592k available, 7104k reserved, 0K highmem
[    0.000000] Virtual kernel memory layout:
[    0.000000]     vector  : 0xffff0000 - 0xffff1000   (   4 kB)
[    0.000000]     fixmap  : 0xfff00000 - 0xfffe0000   ( 896 kB)
[    0.000000]     vmalloc : 0x8a000000 - 0xff000000   (1872 MB)
[    0.000000]     lowmem  : 0x80000000 - 0x89a00000   ( 154 MB)
[    0.000000]     modules : 0x7f000000 - 0x80000000   (  16 MB)
[    0.000000]       .text : 0x80008000 - 0x804db038   (4941 kB)
[    0.000000]       .init : 0x804dc000 - 0x80504ddc   ( 164 kB)
[    0.000000]       .data : 0x80506000 - 0x8054e590   ( 290 kB)
[    0.000000]        .bss : 0x8054e590 - 0x80570320   ( 136 kB)
[    0.000000] NR_IRQS:240
[    0.000000] sched_clock: 32 bits at 54MHz, resolution 18ns, wraps every 79536ms
[    0.000000] Console: colour dummy device 80x30
[    0.000000] console [ttyS0] enabled
[    0.235043] Calibrating delay loop... 597.60 BogoMIPS (lpj=2988032)
[    0.292601] pid_max: default: 32768 minimum: 301
[    0.297275] Security Framework initialized
[    0.301424] AppArmor: AppArmor initialized
[    0.305529] Mount-cache hash table entries: 512
[    0.312253] CPU: Testing write buffer coherency: ok
[    0.317417] Setting up static identity map for 0x803acb68 - 0x803acbd0
[    0.326196] devtmpfs: initialized
[    0.330777] pinctrl core: initialized pinctrl subsystem
[    0.336264] NET: Registered protocol family 16
[    0.341498] DMA: preallocated 256 KiB pool for atomic coherent allocations
[    0.348854] L310 cache controller enabled
[    0.352887] l2x0: 8 ways, CACHE_ID 0x410000c8, AUX_CTRL 0x32020000, Cache size: 131072 B
[    0.362268] ambarella-pinctrl e8009000.pinctrl: Ambarella pinctrl driver registered
[    0.370282] ambarella-gpio gpio.0: Ambarella GPIO driver registered
[    0.380705] bio: create slab <bio-0> at 0
[    0.385754] ambarella-dma e0005000.dma: Ambarella DMA Engine 
[    0.392893] ambarella-i2c e8003000.i2c: Ambarella I2C adapter[0] probed!
[    0.399793] ambarella-i2c e8007000.i2c: Ambarella I2C adapter[2] probed!
[    0.407305] Switching to clocksource ambarella-cs-timer
[    0.412750] AppArmor: AppArmor Filesystem Enabled
[    0.423702] NET: Registered protocol family 2
[    0.428909] TCP established hash table entries: 2048 (order: 2, 16384 bytes)
[    0.436100] TCP bind hash table entries: 2048 (order: 1, 8192 bytes)
[    0.442458] TCP: Hash tables configured (established 2048 bind 2048)
[    0.448876] TCP: reno registered
[    0.452093] UDP hash table entries: 256 (order: 0, 4096 bytes)
[    0.457936] UDP-Lite hash table entries: 256 (order: 0, 4096 bytes)
[    0.464367] NET: Registered protocol family 1
[    0.468980] RPC: Registered named UNIX socket transport module.
[    0.474935] RPC: Registered udp transport module.
[    0.479618] RPC: Registered tcp transport module.
[    0.484316] RPC: Registered tcp NFSv4.1 backchannel transport module.
[    0.491525] audit: initializing netlink socket (disabled)
[    0.496984] type=2000 audit(0.439:1): initialized
[    0.502291] squashfs: version 4.0 (2009/01/31) Phillip Lougher
[    0.508749] msgmni has been set to 294
[    0.513878] NET: Registered protocol family 38
[    0.518393] Block layer SCSI generic (bsg) driver version 0.4 loaded (major 252)
[    0.525896] io scheduler noop registered
[    0.529802] io scheduler deadline registered
[    0.534106] io scheduler cfq registered (default)
[    0.539253] pwm-backlight 0.pwm_bl: invalid default brightness level: 100, using 99
[    0.547514] e8005000.uart: ttyS0 at MMIO 0xe8005000 (irq = 9) is a ambuart
[    0.555295] brd: module loaded
[    0.560910] loop: module loaded
[    0.566591] ambarella-nand e0001000.nand: in soft ecc-[6]bit mode
[    0.572790] NAND device: Manufacturer ID: 0xc2, Chip ID: 0xf1 (Macronix NAND 128MiB 3,3V 8-bit), 128MiB, page size: 2048, OOB size: 64
[    0.586633] Scanning device for bad blocks
[    0.885463] bootimageid=2
[    0.888068] using the second image
[    0.891451] partition table start offset is 0x000C0000
[    0.896993] par_entry id=0, offset=0x00000000, length=0x03000000
[    0.903000] par_entry id=1, offset=0x03000000, length=0x03000000
[    0.908981] par_entry id=2, offset=0x06000000, length=0x01200000
[    0.914974] par_entry id=3, offset=0x07200000, length=0x00400000
[    0.920954] par_entry id=4, offset=0x07600000, length=0x00900000
[    0.926946] par_entry id=5, offset=0x07F00000, length=0x00100000
[    0.933223] kernel offset=0x3020000, kernel size=0x2C0000
[    0.938600] filesystem offset=0x32E0000, filesystem size=0x0
[    0.944278] s_product_size offset=0x5BC0000, s_product_size size=0x0
[    0.950890] MAC: 3C:62:F0:3A:F5:A7
[    0.954299] Creating 13 MTD partitions on "amba_nand":
[    0.959421] 0x000000000000-0x000007f00000 : "FW"
[    0.964940] 0x000007600000-0x0000079e0000 : "CONF0"
[    0.970406] 0x0000079e0000-0x000007dc0000 : "CONF1"
[    0.975964] 0x000007f00000-0x000008000000 : "MAC"
[    0.981306] 0x000003000000-0x000006000000 : "IMAGE_CURRENT"
[    0.987590] 0x0000032e0000-0x000006000000 : "FS"
[    0.992971] 0x000005bc0000-0x000006000000 : "PINFO"
[    0.998516] 0x0000000e0000-0x000003000000 : "IMAGE_UPGRADE"
[    1.004826] 0x000007000000-0x000007200000 : "DEBUG"
[    1.010356] 0x000007dc0000-0x000007f00000 : "UPGLOG"
[    1.016015] 0x000006000000-0x000007000000 : "RESERVEDPART"
[    1.022219] 0x000007200000-0x000007600000 : "CALIBRATION"
[    1.028307] 0x000000000000-0x000008000000 : "FLASHDUMP"
[    1.034589] ambarella-spi e0020000.spi: Only supports msb first tx-rx
[    1.041612] ambarella-spi e0020000.spi: Ambarella spi controller 0 created.
[    1.049035] mousedev: PS/2 mouse device common for all mice
[    1.054941] ambarella-rtc e8015000.rtc: rtc core: registered rtc-ambarella as rtc0
[    1.062670] i2c /dev entries driver
[    1.066720] ambarella-wdt e800c000.wdt: Ambarella Watchdog Timer Probed.
[    1.073586] nf_conntrack version 0.5.0 (2353 buckets, 9412 max)
[    1.079984] ip_tables: (C) 2000-2006 Netfilter Core Team
[    1.085363] TCP: cubic registered
[    1.088659] Initializing XFRM netlink socket
[    1.093001] NET: Registered protocol family 10
[    1.098039] sit: IPv6 over IPv4 tunneling driver
[    1.103236] NET: Registered protocol family 17
[    1.107754] Bridge firewalling registered
[    1.111814] VFP support v0.3: implementor 41 architecture 3 part 30 variant 9 rev 4
[    1.119488] ThumbEE CPU extension supported.
[    1.125205] Key type trusted registered
[    1.130277] Key type encrypted registered
[    1.134486] AppArmor: AppArmor sha1 policy hashing enabled
[    1.140338] ambarella-rtc e8015000.rtc: setting system clock to 2106-02-07 06:28:07 UTC (4294967287)
[    1.153696] VFS: Mounted root (squashfs filesystem) readonly on device 31:5.
[    1.161982] devtmpfs: mounted
[    1.165185] Freeing unused kernel memory: 160K (804dc000 - 80504000)
[    2.269664] dbg: rt5670_i2c_probe line 3922
[    2.315242] dbg: rt5670_probe line 3686
[    2.319066] Codec driver version 0.0.7 alsa 1.0.25
[    2.323936] GPIO pin requested ok, AMP_SWITCH = L
[    2.328903] ambarella-i2c e8003000.i2c: No ACK from address 0x38, 0:0!
[    2.335957] v_id = 7
[    3.402502] AMBARELLA SoC Audio DUMMY Codec
[    3.409384] rt5670 0-001c: ASoC: mux Mono ADC R Mux has no paths
[    3.415432] rt5670 0-001c: ASoC: mux Mono ADC L Mux has no paths
[    3.422195] rt5670 0-001c: ASoC: mux INR Mux has no paths
[    3.427613] rt5670 0-001c: ASoC: mux INL Mux has no paths
[    3.436022] snd_soc_card_amba sound.3:  rt5670-aif1 <-> e001a000.i2s mapping ok
[    3.444898] snd_soc_card_amba sound.3:  AMBARELLA_DUMMY_CODEC <-> e001a000.i2s mapping ok
[    3.987193] register "001c 4b4b
[    3.987193] " count=10
[    3.992927] addr=0x1c val=0x4b4b
[    4.383449] UBI: attaching mtd10 to ubi0
[    4.464919] UBI: scanning is finished
[    4.486340] UBI: attached mtd10 (name "RESERVEDPART", size 16 MiB) to ubi0
[    4.493288] UBI: PEB size: 131072 bytes (128 KiB), LEB size: 126976 bytes
[    4.500052] UBI: min./max. I/O unit sizes: 2048/2048, sub-page size 2048
[    4.506749] UBI: VID header offset: 2048 (aligned 2048), data offset: 4096
[    4.513610] UBI: good PEBs: 128, bad PEBs: 0, corrupted PEBs: 0
[    4.519504] UBI: user volume: 1, internal volumes: 1, max. volumes count: 128
[    4.526623] UBI: max/mean erase counter: 124/107, WL threshold: 4096, image sequence number: 1446616144
[    4.535994] UBI: available PEBs: 0, total reserved PEBs: 128, PEBs reserved for bad PEB handling: 20
[    4.545114] UBI: background thread "ubi_bgt0d" started, PID 251
[    4.566548] UBIFS: background thread "ubifs_bgt0_0" started, PID 255
[    4.633428] UBIFS: recovery needed
[    5.808814] UBIFS: recovery completed
[    5.812836] UBIFS: mounted UBI device 0, volume 0, name "angelo_rootfs"
[    5.819492] UBIFS: LEB size: 126976 bytes (124 KiB), min./max. I/O unit sizes: 2048 bytes/2048 bytes
[    5.828844] UBIFS: FS size: 11808768 bytes (11 MiB, 93 LEBs), journal size 9023488 bytes (8 MiB, 72 LEBs)
[    5.838435] UBIFS: reserved for root: 0 bytes (0 KiB)
[    5.843495] UBIFS: media format: w4/r0 (latest is w4/r0), UUID 58118F19-FD07-40B5-9E34-791AD68E993A, small LPT model
[    9.824582] dsp_drv_probe_status(696): DSP probe op mode [3], enc mode [7].
[    9.862669] Vout notice: vout0:0 probed!
[    9.866946] Vout notice: vout1:1 probed!
[    9.871391] imgproc: module license 'unspecified' taints kernel.
[    9.881955] Disabling lock debugging due to kernel taint
[    9.888986] img: IMG KERN VIRT: WR [0x8a343000, 184 KB], RD [0x888b0000, 36 KB].
[    9.930297] iav_drv_probe_status(299): IAV probe status [255], dsp enc mode [3].
[    9.958850] hw_pts_init(122): HW timer for pts is enabled.
[    9.958880] hw_pts_init(129): Audio clock freq: 12288000, HW timer clock freq: 90000!
[    9.959158] VIN: vin0: probed!
[    9.962208] VIN: vin1: probed!
[    9.996934] Vout notice: CVBS:0@1 probed!
[   10.033022] Vout notice: DBus-All:1@0 probed!
[   10.064802] dsplog dev init done, dev_id = 248:249.
[   10.065942] dsplog_printk: DSP log by Timer New
[   10.312628] SYSCLK:SO[74175824]
[   10.353778] VIN: JX-F22 init(2-lane mipi)
[   10.357771] VIN: Version ID:0x04, Product ID:0x0f22
[   10.408006] usbcore: registered new interface driver usbfs
[   10.419338] usbcore: registered new interface driver hub
[   10.429808] usbcore: registered new device driver usb
[   10.457611] ehci_hcd: USB 2.0 'Enhanced' Host Controller (EHCI) Driver
[   10.477177] ohci_hcd: USB 1.1 'Open' Host Controller (OHCI) Driver
[   10.509320] ehci-ambarella: AMBARELLA-EHCI Host Controller driver
[   10.520216] ambarella-ehci e0018000.ehci: EHCI Host Controller
[   10.526153] ambarella-ehci e0018000.ehci: new USB bus registered, assigned bus number 1
[   10.534375] ambarella-ehci e0018000.ehci: irq 39, io mem 0xe0018000
[   10.552615] ambarella-ehci e0018000.ehci: USB 2.0 started, EHCI 1.00
[   10.559031] usb usb1: New USB device found, idVendor=1d6b, idProduct=0002
[   10.565825] usb usb1: New USB device strings: Mfr=3, Product=2, SerialNumber=1
[   10.573037] usb usb1: Product: EHCI Host Controller
[   10.577893] usb usb1: Manufacturer: Linux 3.10.73+ ehci_hcd
[   10.583452] usb usb1: SerialNumber: AmbUSB
[   10.593004] hub 1-0:1.0: USB hub found
[   10.596772] hub 1-0:1.0: 2 ports detected
[   10.629377] ambarella-udc e0006000.udc: ambarella_udc: version 12 August 2015
[   10.679127] g_ether gadget: using random self ethernet address
[   10.689583] g_ether gadget: using random host ethernet address
[   10.701498] usb0: MAC 02:16:17:c4:72:e0
[   10.709951] usb0: HOST MAC ee:05:1b:21:7f:49
[   10.714372] g_ether gadget: Ethernet Gadget, version: Memorial Day 2008
[   10.720969] g_ether gadget: g_ether ready
[   10.748704] usbcore: registered new interface driver asix
[   10.769422] IPv6: ADDRCONF(NETDEV_UP): usb0: link is not ready
[   10.880419] cfg80211: Calling CRDA to update world regulatory domain
[   11.092769] usb 1-2: new high-speed USB device number 2 using ambarella-ehci
[   11.243667] usb 1-2: New USB device found, idVendor=0bda, idProduct=c82c
[   11.250372] usb 1-2: New USB device strings: Mfr=1, Product=2, SerialNumber=3
[   11.257597] usb 1-2: Product: 802.11ac NIC
[   11.261843] usb 1-2: Manufacturer: Realtek
[   11.266089] usb 1-2: SerialNumber: 123456
[   11.627511] nl_process_session_cmd(165): NETLINK DBG: Correct connect cmd from app 392.
[   11.627537] nl_send_msg(125): NETLINK DBG: Send session status 0 to session cmd 0 of app 392.
[   12.489092] RTW: module init start
[   12.492488] RTW: rtl88x2cu v5.12.1.6-0-ga6cacc154.20210615_COEX20210504-2323
[   12.504351] RTW: build time: Jun 18 2025 17:47:52
[   12.509044] RTW: rtl88x2cu BT-Coex version = COEX20210504-2323
[   12.515255] RTW: [HALMAC]55772M
[   12.515255] HALMAC_MAJOR_VER = 1
[   12.515255] HALMAC_PROTOTYPE_VER = 6
[   12.515255] HALMAC_MINOR_VER = 6
[   12.515255] HALMAC_PATCH_VER = 22
[   12.790349] RTW: HW EFUSE
[   12.792981] RTW: 0x000: 29 81 00 8F  FF 20 09 00  9A 04 E4 35  10 03 F1 EB  
[   12.800011] RTW: 0x010: 5D 5D 5D 5D  5D 5D 51 51  51 51 51 FF  FF FF FF FF  
[   12.807041] RTW: 0x020: FF FF 5C 5C  5E 5E 59 58  57 56 55 54  50 50 50 50  
[   12.814069] RTW: 0x030: FF FF FF FF  FF FF FF FF  FF FF 66 66  66 66 66 66  
[   12.821091] RTW: 0x040: 57 57 57 57  57 FF FF FF  FF FF FF FF  5E 5E 61 62  
[   12.828117] RTW: 0x050: 5C 5A 59 57  56 55 52 52  52 52 FF FF  FF FF FF FF  
[   12.835141] RTW: 0x060: FF FF FF FF  FF FF FF FF  FF FF FF FF  FF FF FF FF  
[   12.842161] RTW: 0x070: FF FF FF FF  FF FF FF FF  FF FF FF FF  FF FF FF FF  
[   12.849188] RTW: 0x080: FF FF FF FF  FF FF FF FF  FF FF FF FF  FF FF FF FF  
[   12.856213] RTW: 0x090: FF FF FF FF  FF FF FF FF  FF FF FF FF  FF FF FF FF  
[   12.863238] RTW: 0x0A0: FF FF FF FF  FF FF FF FF  FF FF FF FF  FF FF FF FF  
[   12.870257] RTW: 0x0B0: FF FF FF FF  FF FF FF FF  7F 1D FF 00  FF FF FF FF  
[   12.877283] RTW: 0x0C0: FF 21 00 11  00 00 FF FF  20 33 03 FF  FF FF FF FF  
[   12.884308] RTW: 0x0D0: 1B 1B FF FF  FF FF FF FF  FF FF FF FF  FF FF FF FF  
[   12.891328] RTW: 0x0E0: FF FF FF FF  FF FF FF FF  FF FF FF FF  FF FF FF FF  
[   12.898353] RTW: 0x0F0: FF FF FF FF  FF FF FF FF  FF FF FF FF  FF FF FF FF  
[   12.905378] RTW: 0x100: F0 94 65 D3  58 C5 FF FF  CD F0 FF FF  FF FF FF FF  
[   12.912397] RTW: 0x110: 9D 9D FC A0  D8 D8 FD FF  35 8C FF FF  FF FF FF FF  
[   12.919423] RTW: 0x120: FF FF FF FF  FF FF FF FF  FF FF FF FF  FF FF FF FF  
[   12.926447] RTW: 0x130: FF FF FF FF  FF FF FF FF  FF FF FF FF  FF FF FF FF  
[   12.933472] RTW: 0x140: FF FF FF FF  FF FF FF FF  FF FF FF FF  FF FF FF FF  
[   12.940492] RTW: 0x150: DA 0B 2C C8  FF 7E 02 00  E0 4C C8 22  01 09 03 52  
[   12.947517] RTW: 0x160: 65 61 6C 74  65 6B 0E 03  38 30 32 2E  31 31 61 63  
[   12.954543] RTW: 0x170: 20 4E 49 43  08 03 31 32  33 34 35 36  FF FF FF FF  
[   12.961562] RTW: 0x180: FF FF FF FF  FF FF FF FF  FF FF FF FF  FF FF FF FF  
[   12.968587] RTW: 0x190: FD FE FF FF  00 00 21 0F  FF FF FF FF  FF FF FF FF  
[   12.975612] RTW: 0x1A0: FF FF FF FF  FF FF FF FF  FF FF FF FF  FF FF FF FF  
[   12.982642] RTW: 0x1B0: FF FF FF FF  FF FF FF FF  FF FF FF FF  FF FF FF FF  
[   12.989659] RTW: 0x1C0: FF FF FF FF  FF FF FF FF  FF FF FF FF  FF FF FF FF  
[   12.996684] RTW: 0x1D0: FF FF FF FF  FF FF FF FF  FF FF FF FF  FF FF FF FF  
[   13.003709] RTW: 0x1E0: FF FF FF FF  FF FF FF FF  FF FF FF FF  FF FF FF FF  
[   13.010729] RTW: 0x1F0: FF FF FF FF  FF FF FF FF  FF FF FF FF  FF FF FF FF  
[   13.017754] RTW: 0x200: FF FF FF FF  FF FF FF FF  FF FF FF FF  FF FF FF FF  
[   13.024779] RTW: 0x210: FF FF FF FF  FF FF FF FF  FF FF FF FF  FF FF FF FF  
[   13.031799] RTW: 0x220: FF FF FF FF  FF FF FF FF  FF FF FF FF  FF FF FF FF  
[   13.038824] RTW: 0x230: FF FF FF FF  FF FF FF FF  FF FF FF FF  FF FF FF FF  
[   13.045847] RTW: 0x240: FF FF FF FF  FF FF FF FF  FF FF FF FF  FF FF FF FF  
[   13.052871] RTW: 0x250: FF FF FF FF  FF FF FF FF  FF FF FF FF  FF FF FF FF  
[   13.059891] RTW: 0x260: FF FF FF FF  FF FF FF FF  FF FF FF FF  FF FF FF FF  
[   13.066916] RTW: 0x270: FF FF FF FF  FF FF FF FF  FF FF FF FF  FF FF FF FF  
[   13.073940] RTW: 0x280: FF FF FF FF  FF FF FF FF  FF FF FF FF  FF FF FF FF  
[   13.080960] RTW: 0x290: FF FF FF FF  FF FF FF FF  FF FF FF FF  FF FF FF FF  
[   13.087985] RTW: 0x2A0: FF FF FF FF  FF FF FF FF  FF FF FF FF  FF FF FF FF  
[   13.095154] RTW: 0x2B0: FF FF FF FF  FF FF FF FF  FF FF FF FF  FF FF FF FF  
[   13.102174] RTW: 0x2C0: FF FF FF FF  FF FF FF FF  FF FF FF FF  FF FF FF FF  
[   13.109211] RTW: 0x2D0: FF FF FF FF  FF FF FF FF  FF FF FF FF  FF FF FF FF  
[   13.116238] RTW: 0x2E0: FF FF FF FF  FF FF FF FF  FF FF FF FF  FF FF FF FF  
[   13.123264] RTW: 0x2F0: FF FF FF FF  FF FF FF FF  FF FF FF FF  FF FF FF FF  
[   13.130300] RTW: hal_com_config_channel_plan chplan:0x7F
[   13.310685] RTW: [RF_PATH] ver_id.RF_TYPE:RF_2T2R
[   13.315814] RTW: [RF_PATH] HALSPEC's rf_reg_trx_path_bmp:0x33, rf_reg_path_avail_num:2, max_tx_cnt:2
[   13.324969] RTW: [RF_PATH] PG's trx_path_bmp:0x33, max_tx_cnt:0
[   13.330879] RTW: [RF_PATH] Registry's trx_path_bmp:0x00, tx_path_lmt:0, rx_path_lmt:0
[   13.338700] RTW: [RF_PATH] HALDATA's trx_path_bmp:0x33, max_tx_cnt:2
[   13.345045] RTW: [RF_PATH] HALDATA's rf_type:RF_2T2R, NumTotalRFPath:2
[   13.351549] RTW: [TRX_Nss] HALSPEC - tx_nss:2, rx_nss:2
[   13.356761] RTW: [TRX_Nss] Registry - tx_nss:0, rx_nss:0
[   13.362047] RTW: [TRX_Nss] HALDATA - tx_nss:2, rx_nss:2
[   13.367262] RTW: txpath=0x3, rxpath=0x3
[   13.371075] RTW: txpath_1ss:0x1, num:1
[   13.374813] RTW: txpath_2ss:0x3, num:2
[   13.379970] RTW: rtw_regsty_chk_target_tx_power_valid return _FALSE for band:0, path:0, rs:0, t:-1
[   13.401610] RTW: default mapping domain:0x7f to regd_name:FCC
[   13.423020] RTW: rtw_ndev_init(wlan0) if1 mac_addr=3c:62:f0:3a:f5:a7
[   13.461569] usbcore: registered new interface driver rtl88x2cu
[   13.472070] RTW: module init ret=0
[   14.139771] Bluetooth: Core ver 2.21
[   14.148515] NET: Registered protocol family 31
[   14.157621] Bluetooth: HCI device and connection manager initialized
[   14.164079] Bluetooth: HCI socket layer initialized
[   14.168945] Bluetooth: L2CAP socket layer initialized
[   14.174046] Bluetooth: SCO socket layer initialized
[   22.486057] type=1400 audit(1783123210.889:2): apparmor="STATUS" operation="profile_load" name="usr.bin.accessManager" pid=777 comm="apparmor_parser"
[   23.834596] rtk_btusb: Realtek Bluetooth USB driver ver 3.1.897f3bb.20201202-173003
[   23.867868] rtk_btcoex: rtk_btcoex_init: version: 1.2
[   23.904096] rtk_btcoex: create workqueue
[   23.927294] rtk_btcoex: alloc buffers 1408, 2240 for ev and l2
[   23.966122] rtk_btusb: btusb_probe intf->cur_altsetting->desc.bInterfaceNumber 0
[   24.012726] rtk_btusb: btusb_probe can_wakeup 1, may wakeup 0
[   24.018458] rtk_btusb: patch_add
[   24.021664] rtk_btusb: auto suspend is disabled
[   24.090055] rtk_btusb: pid = 0xc82c
[   24.115043] rtk_btusb: patch_add: Reset gEVersion to 0xff
[   24.136680] rtk_btusb: set_bit(HCI_QUIRK_RESET_ON_CLOSE, &hdev->quirks);
[   24.208731] rtk_btusb: btusb_probe: done
[   24.217722] rtk_btusb: btusb_open start
[   24.221547] rtk_btusb: btusb_open hdev->promisc ==0
[   24.226496] rtk_btusb: download_patch start
[   24.230661] rtk_btusb: chip type value: 0x73
[   24.234938] rtk_btusb: HCI reset.
[   24.240512] usbcore: registered new interface driver rtk_btusb
[   24.252154] rtk_btusb: read_ver_rsp->lmp_subver = 0x8822
[   24.257767] rtk_btusb: read_ver_rsp->hci_rev = 0xc
[   24.263428] rtk_btusb: patch_entry->lmp_sub = 0x8822
[   24.268376] rtk_btusb: load_firmware start
[   24.272449] rtk_btusb: lmp_version = 0x8822
[   24.276632] rtk_btusb: config filename rtl8822cu_config
[   24.291822] rtk_btusb: size = 17
[   24.295151] rtk_btusb: Origin cfg len 6
[   24.298971] rtk_btusb: 55 ab 23 87 00 00
[   24.302911] rtk_btusb: bdaddr ofs 0030, 3C:62:F0:3A:F5:A8
[   24.308287] rtk_btusb: New cfg len 15
[   24.311926] rtk_btusb: 55 ab 23 87 09 00 30 00 06 a8 f5 3a f0 62 3c
[   24.318202] rtk_btusb: fw name is  rtl8822cu_fw
[   24.347551] rtk_btusb: This is not 8723a, use new patch style!
[   24.353495] rtk_btusb: rtk_get_eversion: gEVersion 255
[   24.360114] rtk_btusb: eversion->status = 0x0, eversion->version = 0x3
[   24.366681] rtk_btusb: load_firmware: New gEVersion 3
[   24.371725] rtk_btusb: rtk_get_fw_project_id: opcode 0, len 1, data 13
[   24.378254] rtk_btusb: lmp_version is 8822, project_id is 8822, match!
[   24.384775] rtk_btusb: fw_version = 0x99a25c3
[   24.389108] rtk_btusb: number_of_total_patch = 3
[   24.393721] rtk_btusb: chipID 4
[   24.396840] rtk_btusb: patch_length 0x788c
[   24.400913] rtk_btusb: start_offset 0x00005d00
[   24.405350] rtk_btusb: Svn version:    24075
[   24.409597] rtk_btusb: Coexistence: BTCOEX_20200529-1c1c
[   24.414897] rtk_btusb: buf_len = 0x789b
[   24.418835] rtk_btusb: fw: exists, config file: exists
[   24.423978] rtk_btusb: load_firmware done
[   24.427998] rtk_btusb: download_data start
[   24.474692] type=1400 audit(1783123212.879:3): apparmor="STATUS" operation="profile_load" name="usr.bin.ledmgrmain" pid=826 comm="apparmor_parser"
[   24.837143] rtk_btusb: download_data done
[   24.841163] rtk_btusb: HCI reset.
[   24.858124] rtk_btusb: read_ver_rsp->lmp_subver = 0x25c3
[   24.863476] rtk_btusb: read_ver_rsp->hci_rev = 0x99a
[   24.868428] rtk_btusb: patch_entry->lmp_sub = 0x8822
[   24.873399] rtk_btusb: Rtk patch end 0
[   24.877128] rtk_btusb: btusb_open set HCI_RUNNING
[   24.881991] rtk_btcoex: Open BTCOEX
[   24.885492] rtk_btusb: btusb_open end
[   24.894859] rtk_btcoex: BTCOEX hci_rev 0x099a
[   24.899202] rtk_btcoex: BTCOEX lmp_subver 0x25c3
[   24.923864] rtk_btusb: btusb_notify: hci0 evt 3
[   27.068201] type=1400 audit(1783123215.469:4): apparmor="STATUS" operation="profile_load" name="usr.bin.netsrvmgr" pid=967 comm="apparmor_parser"
[   27.831293] type=1400 audit(1783123216.229:5): apparmor="STATUS" operation="profile_load" name="usr.bin.nlmon" pid=1073 comm="apparmor_parser"
[   28.650752] type=1400 audit(1783123217.049:6): apparmor="STATUS" operation="profile_load" name="usr.bin.parodus" pid=1107 comm="apparmor_parser"
[   30.270031] type=1400 audit(1783123218.669:7): apparmor="STATUS" operation="profile_load" name="usr.bin.prvnmgr" pid=1180 comm="apparmor_parser"
[   31.258534] start_addr=(0x20000), end_addr=(0x40000), buffer_size=(0x20000), smp_number_max=(16384)
[   31.332488] IPv6: ADDRCONF(NETDEV_UP): wlan0: link is not ready
[   31.474913] ambarella-i2c e8007000.i2c: No ACK from address 0x91, 0:0!
[   31.502761] ambarella-i2c e8007000.i2c: No ACK from address 0x91, 0:0!
[   31.530221] ambarella-i2c e8007000.i2c: No ACK from address 0x91, 0:0!
[   31.543824] ambarella-i2c e8007000.i2c: No ACK from address 0x91, 0:0!
[   33.728283] type=1400 audit(1783123222.129:8): apparmor="STATUS" operation="profile_load" name="usr.bin.rdkcProvider" pid=1224 comm="apparmor_parser"
[   33.954083] type=1400 audit(1783123222.359:9): apparmor="STATUS" operation="profile_load" name="usr.bin.rtrouted" pid=1244 comm="apparmor_parser"
[   34.341632] type=1400 audit(1783123222.739:10): apparmor="STATUS" operation="profile_load" name="usr.bin.streamConfigurer" pid=1255 comm="apparmor_parser"
[   34.884225] type=1400 audit(1783123223.289:11): apparmor="STATUS" operation="profile_load" name="usr.bin.telemetry2_0" pid=1266 comm="apparmor_parser"
[   35.266827] type=1400 audit(1783123223.669:12): apparmor="STATUS" operation="profile_load" name="usr.bin.webconfig" pid=1277 comm="apparmor_parser"
[   38.964578] type=1400 audit(1783123227.369:13): apparmor="STATUS" operation="profile_load" name="usr.bin.webpa" pid=1288 comm="apparmor_parser"
[   39.225881] type=1400 audit(1783123227.629:14): apparmor="STATUS" operation="profile_load" name="usr.bin.wpa_supplicant" pid=1321 comm="apparmor_parser"
[   39.797713] type=1400 audit(1783123228.199:15): apparmor="STATUS" operation="profile_load" name="usr.local.bin.cvr_daemon" pid=1332 comm="apparmor_parser"
[   40.351381] type=1400 audit(1783123228.749:16): apparmor="STATUS" operation="profile_load" name="usr.local.bin.eventnotification" pid=1343 comm="apparmor_parser"
[   41.313780] type=1400 audit(1783123229.719:17): apparmor="STATUS" operation="profile_load" name="usr.local.bin.multi_client" pid=1363 comm="apparmor_parser"
[   45.012841] nl_process_session_cmd(165): NETLINK DBG: Correct connect cmd from app 1619.
[   45.012870] nl_send_msg(125): NETLINK DBG: Send session status 0 to session cmd 0 of app 1619.
[   45.392111] type=1400 audit(1783123233.789:18): apparmor="STATUS" operation="profile_load" name="usr.local.bin.provpolld" pid=1474 comm="apparmor_parser"
[   48.466245] type=1400 audit(1783175161.069:19): apparmor="STATUS" operation="profile_load" name="usr.local.bin.sensor_daemon" pid=1850 comm="apparmor_parser"
[   48.620595] iav_goto_idle(881): Goto Idle from STATE_INIT.
[   48.620616] dsp_set_op_mode(424): [debug]: dsp_set_op_mode: dsp->op_mode(3), op_mode(0)
[   48.620629] __reset_vin(217): dsp reset vin 
[   48.631569] dsp_set_op_mode(447): Entering DSP mode [0]...
[   48.666675] dsp_set_op_mode(454): [Done] Entered mode [0].
[   48.768281] iav_check_vout(607): VOUT are all disabled.
[   48.768312] check_dsp_mem_bandwidth(918): S2L chip ID [1], DSP memory bandwidth [259 MB/s], limit [1148 MB/s].
[   48.768326] check_dsp_mem_size(1096): DSP DRAM size used [64 MB], limit [74 MB].
[   48.768364] nl_send_msg(104): NETLINK DBG: Send request cmd 2 to app 1619.
[   49.054120] nl_process_request_status(219): NETLINK DBG: Request 2 succeeded from app 1619.
[   49.054243] dsp_set_enc_sub_mode(406): Entering DSP ENC sub mode [2]
[   49.262406] handle_enc_msg(210): DSP DRAM Used: 72 MB, Limited: 74 MB
[   49.262453] dsp_set_enc_sub_mode(412): [Done] Entered sub mode.
[   49.262504] nl_send_msg(104): NETLINK DBG: Send request cmd 0 to app 1619.
[   49.396371] nl_process_request_status(219): NETLINK DBG: Request 0 succeeded from app 1619.
[   49.397203] iav_enable_preview(776): preview enabled.
[   49.729214] iav_ioc_start_encode(1444): Wait 4 frames before encode for encode start delay.
[   49.729238] check_encode_resource_limit(788): Check encode resource limit : VIN [15], system load 90000.
[   49.729260] check_dsp_mem_bandwidth(918): S2L chip ID [1], DSP memory bandwidth [360 MB/s], limit [1148 MB/s].
[   49.729272] check_dsp_mem_size(1096): DSP DRAM size used [64 MB], limit [74 MB].
[   49.729285] iav_ioc_start_encode(1454): Init encoder when start encoding from preview state.
[   49.729330] calc_frame_rate(333): idsp out fps 34133333 (scan format: 0, den_encode_fps: 1000), encode fps 15000
[   49.729352] calc_frame_rate(333): idsp out fps 34133333 (scan format: 0, den_encode_fps: 1000), encode fps 10000
[   49.729372] calc_frame_rate(333): idsp out fps 34133333 (scan format: 0, den_encode_fps: 1000), encode fps 15000
[   49.729384] calc_frame_rate(333): idsp out fps 34133333 (scan format: 0, den_encode_fps: 1000), encode fps 15000
[   51.634528] type=1400 audit(1783175164.239:20): apparmor="STATUS" operation="profile_load" name="usr.local.bin.thumbnail_upload" pid=2164 comm="apparmor_parser"
[   53.363967] type=1400 audit(1783175165.969:21): apparmor="STATUS" operation="profile_load" name="usr.local.bin.xstreamer" pid=2405 comm="apparmor_parser"
[   55.861913] type=1400 audit(1783175168.459:22): apparmor="STATUS" operation="profile_load" name="usr.local.bin.xvisiond" pid=2576 comm="apparmor_parser"
